// Jest Snapshot v1, https://goo.gl/fbAQLP

exports[`TableOfContents renders correctly 1`] = `
<div
  className="sc-ifAKCX jeIAbg"
/>
`;
